Muestra de búsqueda (50%): (27383, 27); configs=12, epochs=40
  [1/12] CE=0.6999 GMPCA~=0.4966  {'hidden': (64, 32, 16), 'lr': 0.0005, 'dropout': (0.3, 0.2), 'weight_decay': 0.0001, 'batch_size': 512}
  [2/12] CE=0.6817 GMPCA~=0.5058  {'hidden': (256, 128, 64), 'lr': 0.0005, 'dropout': (0.4, 0.3), 'weight_decay': 0.001, 'batch_size': 512}
  [3/12] CE=0.6776 GMPCA~=0.5078  {'hidden': (128, 64, 32), 'lr': 0.003, 'dropout': (0.3, 0.2), 'weight_decay': 0.0001, 'batch_size': 256}
  [4/12] CE=0.6782 GMPCA~=0.5075  {'hidden': (64, 32, 16), 'lr': 0.003, 'dropout': (0.2, 0.1), 'weight_decay': 0.0001, 'batch_size': 256}
  [5/12] CE=0.6780 GMPCA~=0.5076  {'hidden': (256, 128, 64), 'lr': 0.001, 'dropout': (0.3, 0.2), 'weight_decay': 0.001, 'batch_size': 256}
  [6/12] CE=0.6872 GMPCA~=0.5030  {'hidden': (64, 32, 16), 'lr': 0.0005, 'dropout': (0.2, 0.1), 'weight_decay': 0.0001, 'batch_size': 256}
  [7/12] CE=0.6854 GMPCA~=0.5039  {'hidden': (128, 64, 32), 'lr': 0.001, 'dropout': (0.4, 0.3), 'weight_decay': 0.001, 'batch_size': 512}
  [8/12] CE=0.6730 GMPCA~=0.5102  {'hidden': (256, 128, 64), 'lr': 0.003, 'dropout': (0.4, 0.3), 'weight_decay': 0.0001, 'batch_size': 512}
  [9/12] CE=0.6787 GMPCA~=0.5073  {'hidden': (128, 64, 32), 'lr': 0.001, 'dropout': (0.3, 0.2), 'weight_decay': 0.0001, 'batch_size': 256}
  [10/12] CE=0.6821 GMPCA~=0.5056  {'hidden': (128, 64, 32), 'lr': 0.003, 'dropout': (0.3, 0.2), 'weight_decay': 0.001, 'batch_size': 256}
  [11/12] CE=0.6906 GMPCA~=0.5013  {'hidden': (128, 64, 32), 'lr': 0.0005, 'dropout': (0.4, 0.3), 'weight_decay': 0.0001, 'batch_size': 256}
  [12/12] CE=0.6832 GMPCA~=0.5050  {'hidden': (128, 64, 32), 'lr': 0.0005, 'dropout': (0.2, 0.1), 'weight_decay': 0.001, 'batch_size': 512}

Mejor configuración (CE=0.6730, GMPCA~=0.5102):
  hidden: (256, 128, 64)
  lr: 0.003
  dropout: (0.4, 0.3)
  weight_decay: 0.0001
  batch_size: 512

Hiperparámetros propios guardados en: F:\TFM\lpmc\artifacts\lpmc_dnn_custom_params.json
